--------------------------------------------------
6:00:18 PM - Application startup
18:00:20 - [Performance] Running command c:\programdata\chocolatey\bin\choco.exe  took 1557ms
18:00:21 - [Performance] Factory RegistryFactory took 2567ms to finish
18:00:21 - FastSizeGenerator: Everything search engine is not available - es.exe failed to connect to Everything
18:00:21 - Cache hits: 442/442
18:00:22 - [Performance] Factory DirectoryFactory took 349ms to finish
18:00:22 - [Performance] Running command c:\programdata\chocolatey\bin\choco.exe list -lo -nocolor --detail took 1512ms
18:00:22 - [Performance] Factory ChocolateyFactory took 3086ms to finish
18:00:22 - [Performance] Running command D:\Optimization\Cleaning\BCUninstaller\win-x64\OculusHelper.exe /query took 43ms
18:00:22 - [Performance] Factory OculusFactory took 51ms to finish
18:00:22 - [Performance] Factory PredefinedFactory took 0ms to finish
18:00:22 - [Performance] Factory ScoopFactory took 2ms to finish
18:00:22 - [Performance] Running command D:\Optimization\Cleaning\BCUninstaller\win-x64\ScriptHelper.exe list took 66ms
18:00:22 - [Performance] Factory ScriptFactory took 73ms to finish
18:00:22 - [Performance] Running command D:\Optimization\Cleaning\BCUninstaller\win-x64\SteamHelper.exe steam took 42ms
18:00:22 - [Performance] Running command D:\Optimization\Cleaning\BCUninstaller\win-x64\SteamHelper.exe l /i took 84ms
18:00:22 - [Performance] Factory SteamFactory took 139ms to finish
18:00:23 - [Performance] Running command D:\Optimization\Cleaning\BCUninstaller\win-x64\StoreAppHelper.exe /query took 697ms
18:00:23 - [Performance] Factory StoreAppFactory took 801ms to finish
18:00:24 - Cache hits: 525/525
18:01:39 - System.IO.IOException: The filename, directory name, or volume label syntax is incorrect. : 'D:\Optimization\Cleaning\BCUninstaller\win-x64\?\C:\Windows\System32\SecurityHealth\1.0.2306.10002-0\SecurityHealthAgent.dll'
   at System.IO.FileSystemInfo.EnsureDataInitialized()
   at UninstallTools.UninstallToolsGlobalConfig.IsSystemDirectory(DirectoryInfo dir)
   at UninstallTools.UninstallToolsGlobalConfig.IsSystemDirectory(String installLocation)
18:01:39 - System.IO.IOException: The filename, directory name, or volume label syntax is incorrect. : 'D:\Optimization\Cleaning\BCUninstaller\win-x64\?\C:\Windows\System32\SecurityHealth\1.0.2306.10002-0\SecurityHealthAgent.dll'
   at System.IO.FileSystemInfo.EnsureDataInitialized()
   at UninstallTools.UninstallToolsGlobalConfig.IsSystemDirectory(DirectoryInfo dir)
   at UninstallTools.UninstallToolsGlobalConfig.IsSystemDirectory(String installLocation)
18:01:39 - System.IO.IOException: The filename, directory name, or volume label syntax is incorrect. : 'D:\Optimization\Cleaning\BCUninstaller\win-x64\?\C:\Windows\System32\SecurityHealth\1.0.2306.10002-0\SecurityHealthAgent.dll'
   at System.IO.FileSystemInfo.EnsureDataInitialized()
   at UninstallTools.UninstallToolsGlobalConfig.IsSystemDirectory(DirectoryInfo dir)
   at UninstallTools.UninstallToolsGlobalConfig.IsSystemDirectory(String installLocation)
18:01:39 - System.IO.IOException: The filename, directory name, or volume label syntax is incorrect. : 'D:\Optimization\Cleaning\BCUninstaller\win-x64\?\C:\Windows\System32\SecurityHealth\1.0.2306.10002-0\SecurityHealthAgent.dll'
   at System.IO.FileSystemInfo.EnsureDataInitialized()
   at UninstallTools.UninstallToolsGlobalConfig.IsSystemDirectory(DirectoryInfo dir)
   at UninstallTools.UninstallToolsGlobalConfig.IsSystemDirectory(String installLocation)
18:01:39 - System.IO.IOException: The filename, directory name, or volume label syntax is incorrect. : 'D:\Optimization\Cleaning\BCUninstaller\win-x64\?\C:\Windows\System32\SecurityHealth\1.0.2306.10002-0\SecurityHealthAgent.dll'
   at System.IO.FileSystemInfo.EnsureDataInitialized()
   at UninstallTools.UninstallToolsGlobalConfig.IsSystemDirectory(DirectoryInfo dir)
   at UninstallTools.UninstallToolsGlobalConfig.IsSystemDirectory(String installLocation)
18:01:39 - System.IO.IOException: The filename, directory name, or volume label syntax is incorrect. : 'D:\Optimization\Cleaning\BCUninstaller\win-x64\?\C:\Windows\System32\SecurityHealth\1.0.2306.10002-0\SecurityHealthProxyStub.dll'
   at System.IO.FileSystemInfo.EnsureDataInitialized()
   at UninstallTools.UninstallToolsGlobalConfig.IsSystemDirectory(DirectoryInfo dir)
   at UninstallTools.UninstallToolsGlobalConfig.IsSystemDirectory(String installLocation)
18:01:39 - System.IO.IOException: The filename, directory name, or volume label syntax is incorrect. : 'D:\Optimization\Cleaning\BCUninstaller\win-x64\?\C:\Windows\System32\SecurityHealth\1.0.2306.10002-0\SecurityHealthAgent.dll'
   at System.IO.FileSystemInfo.EnsureDataInitialized()
   at UninstallTools.UninstallToolsGlobalConfig.IsSystemDirectory(DirectoryInfo dir)
   at UninstallTools.UninstallToolsGlobalConfig.IsSystemDirectory(String installLocation)
18:01:39 - System.IO.IOException: The filename, directory name, or volume label syntax is incorrect. : 'D:\Optimization\Cleaning\BCUninstaller\win-x64\?\C:\Windows\System32\SecurityHealth\1.0.2306.10002-0\SecurityHealthAgent.dll'
   at System.IO.FileSystemInfo.EnsureDataInitialized()
   at UninstallTools.UninstallToolsGlobalConfig.IsSystemDirectory(DirectoryInfo dir)
   at UninstallTools.UninstallToolsGlobalConfig.IsSystemDirectory(String installLocation)
18:01:39 - System.IO.IOException: The filename, directory name, or volume label syntax is incorrect. : 'D:\Optimization\Cleaning\BCUninstaller\win-x64\?\C:\Windows\System32\SecurityHealth\1.0.2306.10002-0\SecurityHealthAgent.dll'
   at System.IO.FileSystemInfo.EnsureDataInitialized()
   at UninstallTools.UninstallToolsGlobalConfig.IsSystemDirectory(DirectoryInfo dir)
   at UninstallTools.UninstallToolsGlobalConfig.IsSystemDirectory(String installLocation)
18:01:39 - System.IO.IOException: The filename, directory name, or volume label syntax is incorrect. : 'D:\Optimization\Cleaning\BCUninstaller\win-x64\?\C:\Windows\System32\SecurityHealth\1.0.2306.10002-0\SecurityHealthAgent.dll'
   at System.IO.FileSystemInfo.EnsureDataInitialized()
   at UninstallTools.UninstallToolsGlobalConfig.IsSystemDirectory(DirectoryInfo dir)
   at UninstallTools.UninstallToolsGlobalConfig.IsSystemDirectory(String installLocation)
18:01:39 - System.IO.IOException: The filename, directory name, or volume label syntax is incorrect. : 'D:\Optimization\Cleaning\BCUninstaller\win-x64\?\C:\Windows\System32\SecurityHealth\1.0.2306.10002-0\SecurityHealthAgent.dll'
   at System.IO.FileSystemInfo.EnsureDataInitialized()
   at UninstallTools.UninstallToolsGlobalConfig.IsSystemDirectory(DirectoryInfo dir)
   at UninstallTools.UninstallToolsGlobalConfig.IsSystemDirectory(String installLocation)
18:01:39 - System.IO.IOException: The filename, directory name, or volume label syntax is incorrect. : 'D:\Optimization\Cleaning\BCUninstaller\win-x64\?\C:\Windows\System32\SecurityHealth\1.0.2306.10002-0\SecurityHealthAgent.dll'
   at System.IO.FileSystemInfo.EnsureDataInitialized()
   at UninstallTools.UninstallToolsGlobalConfig.IsSystemDirectory(DirectoryInfo dir)
   at UninstallTools.UninstallToolsGlobalConfig.IsSystemDirectory(String installLocation)
18:01:39 - System.IO.IOException: The filename, directory name, or volume label syntax is incorrect. : 'D:\Optimization\Cleaning\BCUninstaller\win-x64\?\C:\Windows\System32\SecurityHealth\1.0.2306.10002-0\SecurityHealthAgent.dll'
   at System.IO.FileSystemInfo.EnsureDataInitialized()
   at UninstallTools.UninstallToolsGlobalConfig.IsSystemDirectory(DirectoryInfo dir)
   at UninstallTools.UninstallToolsGlobalConfig.IsSystemDirectory(String installLocation)
18:01:39 - System.IO.IOException: The filename, directory name, or volume label syntax is incorrect. : 'D:\Optimization\Cleaning\BCUninstaller\win-x64\?\C:\Windows\System32\SecurityHealth\1.0.2306.10002-0\SecurityHealthAgent.dll'
   at System.IO.FileSystemInfo.EnsureDataInitialized()
   at UninstallTools.UninstallToolsGlobalConfig.IsSystemDirectory(DirectoryInfo dir)
   at UninstallTools.UninstallToolsGlobalConfig.IsSystemDirectory(String installLocation)
18:01:39 - System.IO.IOException: The filename, directory name, or volume label syntax is incorrect. : 'D:\Optimization\Cleaning\BCUninstaller\win-x64\?\C:\Windows\System32\SecurityHealth\1.0.2306.10002-0\SecurityHealthAgent.dll'
   at System.IO.FileSystemInfo.EnsureDataInitialized()
   at UninstallTools.UninstallToolsGlobalConfig.IsSystemDirectory(DirectoryInfo dir)
   at UninstallTools.UninstallToolsGlobalConfig.IsSystemDirectory(String installLocation)
18:01:39 - System.IO.IOException: The filename, directory name, or volume label syntax is incorrect. : 'D:\Optimization\Cleaning\BCUninstaller\win-x64\?\C:\Windows\System32\SecurityHealth\1.0.2306.10002-0\SecurityHealthAgent.dll'
   at System.IO.FileSystemInfo.EnsureDataInitialized()
   at UninstallTools.UninstallToolsGlobalConfig.IsSystemDirectory(DirectoryInfo dir)
   at UninstallTools.UninstallToolsGlobalConfig.IsSystemDirectory(String installLocation)
18:01:39 - System.IO.IOException: The filename, directory name, or volume label syntax is incorrect. : 'D:\Optimization\Cleaning\BCUninstaller\win-x64\?\C:\Windows\System32\SecurityHealth\1.0.2306.10002-0\SecurityHealthAgent.dll'
   at System.IO.FileSystemInfo.EnsureDataInitialized()
   at UninstallTools.UninstallToolsGlobalConfig.IsSystemDirectory(DirectoryInfo dir)
   at UninstallTools.UninstallToolsGlobalConfig.IsSystemDirectory(String installLocation)
18:01:39 - System.IO.IOException: The filename, directory name, or volume label syntax is incorrect. : 'D:\Optimization\Cleaning\BCUninstaller\win-x64\?\C:\Windows\System32\SecurityHealth\1.0.2306.10002-0\SecurityHealthAgent.dll'
   at System.IO.FileSystemInfo.EnsureDataInitialized()
   at UninstallTools.UninstallToolsGlobalConfig.IsSystemDirectory(DirectoryInfo dir)
   at UninstallTools.UninstallToolsGlobalConfig.IsSystemDirectory(String installLocation)
18:01:39 - System.IO.IOException: The filename, directory name, or volume label syntax is incorrect. : 'D:\Optimization\Cleaning\BCUninstaller\win-x64\?\C:\Windows\System32\SecurityHealth\1.0.2306.10002-0\SecurityHealthSSO.dll'
   at System.IO.FileSystemInfo.EnsureDataInitialized()
   at UninstallTools.UninstallToolsGlobalConfig.IsSystemDirectory(DirectoryInfo dir)
   at UninstallTools.UninstallToolsGlobalConfig.IsSystemDirectory(String installLocation)
18:01:39 - System.IO.IOException: The filename, directory name, or volume label syntax is incorrect. : 'D:\Optimization\Cleaning\BCUninstaller\win-x64\?\C:\Windows\System32\SecurityHealth\1.0.2306.10002-0\SecurityHealthAgent.dll'
   at System.IO.FileSystemInfo.EnsureDataInitialized()
   at UninstallTools.UninstallToolsGlobalConfig.IsSystemDirectory(DirectoryInfo dir)
   at UninstallTools.UninstallToolsGlobalConfig.IsSystemDirectory(String installLocation)
18:01:42 - Attempt failed, skipping. Error: System.Reflection.TargetInvocationException: Exception has been thrown by the target of an invocation.
 ---> System.Runtime.InteropServices.COMException (0x80270222): Cannot access Homegroup. Homegroup may not be set up or may have encountered an error. (0x80270222)
   at WinRT.ExceptionHelpers.<ThrowExceptionForHR>g__Throw|20_0(Int32 hr)
   at WinRT.ExceptionHelpers.ThrowExceptionForHR(Int32 hr)
   at ABI.Windows.Storage.IKnownFoldersStaticsMethods.get_HomeGroup(IObjectReference _obj)
   at Windows.Storage.KnownFolders.get_HomeGroup()
   --- End of inner exception stack trace ---
   at System.RuntimeMethodHandle.InvokeMethod(Object target, Span`1& arguments, Signature sig, Boolean constructor, Boolean wrapExceptions)
   at System.Reflection.RuntimeMethodInfo.Invoke(Object obj, BindingFlags invokeAttr, Binder binder, Object[] parameters, CultureInfo culture)
   at System.Reflection.PropertyInfo.GetValue(Object obj)
   at UninstallTools.Junk.JunkManager.<>c.<GetProhibitedLocations>b__4_1(PropertyInfo p)
   at Klocman.Extensions.EnumerableExtensions.Attempt[TIn,TOut](IEnumerable`1 baseEnumerable, Func`2 action)+MoveNext()
18:01:44 - [Performance] Running command c:\programdata\chocolatey\bin\choco.exe  took 1420ms
18:01:45 - [Performance] Factory RegistryFactory took 2485ms to finish
18:01:45 - Cache hits: 439/439
18:01:45 - [Performance] Factory DirectoryFactory took 217ms to finish
18:01:45 - [Performance] Running command c:\programdata\chocolatey\bin\choco.exe list -lo -nocolor --detail took 1357ms
18:01:45 - [Performance] Factory ChocolateyFactory took 2784ms to finish
18:01:45 - [Performance] Running command D:\Optimization\Cleaning\BCUninstaller\win-x64\OculusHelper.exe /query took 37ms
18:01:45 - [Performance] Factory OculusFactory took 40ms to finish
18:01:45 - [Performance] Factory PredefinedFactory took 0ms to finish
18:01:45 - [Performance] Factory ScoopFactory took 0ms to finish
18:01:46 - [Performance] Running command D:\Optimization\Cleaning\BCUninstaller\win-x64\ScriptHelper.exe list took 66ms
18:01:46 - [Performance] Factory ScriptFactory took 69ms to finish
18:01:46 - [Performance] Running command D:\Optimization\Cleaning\BCUninstaller\win-x64\SteamHelper.exe steam took 40ms
18:01:46 - [Performance] Running command D:\Optimization\Cleaning\BCUninstaller\win-x64\SteamHelper.exe l /i took 84ms
18:01:46 - [Performance] Factory SteamFactory took 134ms to finish
18:01:46 - [Performance] Running command D:\Optimization\Cleaning\BCUninstaller\win-x64\StoreAppHelper.exe /query took 515ms
18:01:46 - [Performance] Factory StoreAppFactory took 608ms to finish
18:01:47 - Cache hits: 522/522
--------------------------------------------------
11:49:53 AM - Application startup
11:50:03 - [Performance] Factory RegistryFactory took 8171ms to finish
11:50:03 - FastSizeGenerator: Everything search engine is not available - es.exe failed to connect to Everything
11:50:03 - Cache hits: 438/438
11:50:03 - [Performance] Running command c:\programdata\chocolatey\bin\choco.exe  took 7931ms
11:50:05 - [Performance] Running command c:\programdata\chocolatey\bin\choco.exe list -lo -nocolor --detail took 1519ms
11:50:05 - [Performance] Factory ChocolateyFactory took 9527ms to finish
11:50:05 - [Performance] Running command D:\Optimization\Cleaning\BCUninstaller\win-x64\OculusHelper.exe /query took 153ms
11:50:05 - [Performance] Factory OculusFactory took 178ms to finish
11:50:05 - [Performance] Factory PredefinedFactory took 0ms to finish
11:50:05 - [Performance] Factory ScoopFactory took 2ms to finish
11:50:05 - [Performance] Running command D:\Optimization\Cleaning\BCUninstaller\win-x64\ScriptHelper.exe list took 144ms
11:50:05 - [Performance] Factory ScriptFactory took 171ms to finish
11:50:05 - [Performance] Running command D:\Optimization\Cleaning\BCUninstaller\win-x64\SteamHelper.exe steam took 107ms
11:50:06 - [Performance] Running command D:\Optimization\Cleaning\BCUninstaller\win-x64\SteamHelper.exe l /i took 536ms
11:50:06 - [Performance] Factory SteamFactory took 677ms to finish
11:50:08 - [Performance] Factory DirectoryFactory took 2704ms to finish
11:50:08 - [Performance] Running command D:\Optimization\Cleaning\BCUninstaller\win-x64\StoreAppHelper.exe /query took 2399ms
11:50:09 - [Performance] Factory StoreAppFactory took 2639ms to finish
11:50:10 - Cache hits: 475/537
11:52:14 - System.IO.IOException: The filename, directory name, or volume label syntax is incorrect. : 'D:\Optimization\Cleaning\BCUninstaller\win-x64\?\C:\Windows\System32\SecurityHealth\10.0.27777.1008-0\SecurityHealthAgent.dll'
   at System.IO.FileSystemInfo.EnsureDataInitialized()
   at UninstallTools.UninstallToolsGlobalConfig.IsSystemDirectory(DirectoryInfo dir)
   at UninstallTools.UninstallToolsGlobalConfig.IsSystemDirectory(String installLocation)
11:52:14 - System.IO.IOException: The filename, directory name, or volume label syntax is incorrect. : 'D:\Optimization\Cleaning\BCUninstaller\win-x64\?\C:\Windows\System32\SecurityHealth\10.0.27777.1008-0\SecurityHealthAgent.dll'
   at System.IO.FileSystemInfo.EnsureDataInitialized()
   at UninstallTools.UninstallToolsGlobalConfig.IsSystemDirectory(DirectoryInfo dir)
   at UninstallTools.UninstallToolsGlobalConfig.IsSystemDirectory(String installLocation)
11:52:15 - System.IO.IOException: The filename, directory name, or volume label syntax is incorrect. : 'D:\Optimization\Cleaning\BCUninstaller\win-x64\?\C:\Windows\System32\SecurityHealth\10.0.27777.1008-0\SecurityHealthAgent.dll'
   at System.IO.FileSystemInfo.EnsureDataInitialized()
   at UninstallTools.UninstallToolsGlobalConfig.IsSystemDirectory(DirectoryInfo dir)
   at UninstallTools.UninstallToolsGlobalConfig.IsSystemDirectory(String installLocation)
11:52:15 - System.IO.IOException: The filename, directory name, or volume label syntax is incorrect. : 'D:\Optimization\Cleaning\BCUninstaller\win-x64\?\C:\Windows\System32\SecurityHealth\10.0.27777.1008-0\SecurityHealthAgent.dll'
   at System.IO.FileSystemInfo.EnsureDataInitialized()
   at UninstallTools.UninstallToolsGlobalConfig.IsSystemDirectory(DirectoryInfo dir)
   at UninstallTools.UninstallToolsGlobalConfig.IsSystemDirectory(String installLocation)
11:52:15 - System.IO.IOException: The filename, directory name, or volume label syntax is incorrect. : 'D:\Optimization\Cleaning\BCUninstaller\win-x64\?\C:\Windows\System32\SecurityHealth\10.0.27777.1008-0\SecurityHealthAgent.dll'
   at System.IO.FileSystemInfo.EnsureDataInitialized()
   at UninstallTools.UninstallToolsGlobalConfig.IsSystemDirectory(DirectoryInfo dir)
   at UninstallTools.UninstallToolsGlobalConfig.IsSystemDirectory(String installLocation)
11:52:15 - System.IO.IOException: The filename, directory name, or volume label syntax is incorrect. : 'D:\Optimization\Cleaning\BCUninstaller\win-x64\?\C:\Windows\System32\SecurityHealth\10.0.27777.1008-0\SecurityHealthProxyStub.dll'
   at System.IO.FileSystemInfo.EnsureDataInitialized()
   at UninstallTools.UninstallToolsGlobalConfig.IsSystemDirectory(DirectoryInfo dir)
   at UninstallTools.UninstallToolsGlobalConfig.IsSystemDirectory(String installLocation)
11:52:15 - System.IO.IOException: The filename, directory name, or volume label syntax is incorrect. : 'D:\Optimization\Cleaning\BCUninstaller\win-x64\?\C:\Windows\System32\SecurityHealth\10.0.27777.1008-0\SecurityHealthAgent.dll'
   at System.IO.FileSystemInfo.EnsureDataInitialized()
   at UninstallTools.UninstallToolsGlobalConfig.IsSystemDirectory(DirectoryInfo dir)
   at UninstallTools.UninstallToolsGlobalConfig.IsSystemDirectory(String installLocation)
11:52:15 - System.IO.IOException: The filename, directory name, or volume label syntax is incorrect. : 'D:\Optimization\Cleaning\BCUninstaller\win-x64\?\C:\Windows\System32\SecurityHealth\10.0.27777.1008-0\SecurityHealthAgent.dll'
   at System.IO.FileSystemInfo.EnsureDataInitialized()
   at UninstallTools.UninstallToolsGlobalConfig.IsSystemDirectory(DirectoryInfo dir)
   at UninstallTools.UninstallToolsGlobalConfig.IsSystemDirectory(String installLocation)
11:52:15 - System.IO.IOException: The filename, directory name, or volume label syntax is incorrect. : 'D:\Optimization\Cleaning\BCUninstaller\win-x64\?\C:\Windows\System32\SecurityHealth\10.0.27777.1008-0\SecurityHealthAgent.dll'
   at System.IO.FileSystemInfo.EnsureDataInitialized()
   at UninstallTools.UninstallToolsGlobalConfig.IsSystemDirectory(DirectoryInfo dir)
   at UninstallTools.UninstallToolsGlobalConfig.IsSystemDirectory(String installLocation)
11:52:15 - System.IO.IOException: The filename, directory name, or volume label syntax is incorrect. : 'D:\Optimization\Cleaning\BCUninstaller\win-x64\?\C:\Windows\System32\SecurityHealth\10.0.27777.1008-0\SecurityHealthAgent.dll'
   at System.IO.FileSystemInfo.EnsureDataInitialized()
   at UninstallTools.UninstallToolsGlobalConfig.IsSystemDirectory(DirectoryInfo dir)
   at UninstallTools.UninstallToolsGlobalConfig.IsSystemDirectory(String installLocation)
11:52:15 - System.IO.IOException: The filename, directory name, or volume label syntax is incorrect. : 'D:\Optimization\Cleaning\BCUninstaller\win-x64\?\C:\Windows\System32\SecurityHealth\10.0.27777.1008-0\SecurityHealthAgent.dll'
   at System.IO.FileSystemInfo.EnsureDataInitialized()
   at UninstallTools.UninstallToolsGlobalConfig.IsSystemDirectory(DirectoryInfo dir)
   at UninstallTools.UninstallToolsGlobalConfig.IsSystemDirectory(String installLocation)
11:52:15 - System.IO.IOException: The filename, directory name, or volume label syntax is incorrect. : 'D:\Optimization\Cleaning\BCUninstaller\win-x64\?\C:\Windows\System32\SecurityHealth\10.0.27777.1008-0\SecurityHealthAgent.dll'
   at System.IO.FileSystemInfo.EnsureDataInitialized()
   at UninstallTools.UninstallToolsGlobalConfig.IsSystemDirectory(DirectoryInfo dir)
   at UninstallTools.UninstallToolsGlobalConfig.IsSystemDirectory(String installLocation)
11:52:15 - System.IO.IOException: The filename, directory name, or volume label syntax is incorrect. : 'D:\Optimization\Cleaning\BCUninstaller\win-x64\?\C:\Windows\System32\SecurityHealth\10.0.27777.1008-0\SecurityHealthAgent.dll'
   at System.IO.FileSystemInfo.EnsureDataInitialized()
   at UninstallTools.UninstallToolsGlobalConfig.IsSystemDirectory(DirectoryInfo dir)
   at UninstallTools.UninstallToolsGlobalConfig.IsSystemDirectory(String installLocation)
11:52:15 - System.IO.IOException: The filename, directory name, or volume label syntax is incorrect. : 'D:\Optimization\Cleaning\BCUninstaller\win-x64\?\C:\Windows\System32\SecurityHealth\10.0.27777.1008-0\SecurityHealthAgent.dll'
   at System.IO.FileSystemInfo.EnsureDataInitialized()
   at UninstallTools.UninstallToolsGlobalConfig.IsSystemDirectory(DirectoryInfo dir)
   at UninstallTools.UninstallToolsGlobalConfig.IsSystemDirectory(String installLocation)
11:52:15 - System.IO.IOException: The filename, directory name, or volume label syntax is incorrect. : 'D:\Optimization\Cleaning\BCUninstaller\win-x64\?\C:\Windows\System32\SecurityHealth\10.0.27777.1008-0\SecurityHealthAgent.dll'
   at System.IO.FileSystemInfo.EnsureDataInitialized()
   at UninstallTools.UninstallToolsGlobalConfig.IsSystemDirectory(DirectoryInfo dir)
   at UninstallTools.UninstallToolsGlobalConfig.IsSystemDirectory(String installLocation)
11:52:15 - System.IO.IOException: The filename, directory name, or volume label syntax is incorrect. : 'D:\Optimization\Cleaning\BCUninstaller\win-x64\?\C:\Windows\System32\SecurityHealth\10.0.27777.1008-0\SecurityHealthAgent.dll'
   at System.IO.FileSystemInfo.EnsureDataInitialized()
   at UninstallTools.UninstallToolsGlobalConfig.IsSystemDirectory(DirectoryInfo dir)
   at UninstallTools.UninstallToolsGlobalConfig.IsSystemDirectory(String installLocation)
11:52:15 - System.IO.IOException: The filename, directory name, or volume label syntax is incorrect. : 'D:\Optimization\Cleaning\BCUninstaller\win-x64\?\C:\Windows\System32\SecurityHealth\10.0.27777.1008-0\SecurityHealthAgent.dll'
   at System.IO.FileSystemInfo.EnsureDataInitialized()
   at UninstallTools.UninstallToolsGlobalConfig.IsSystemDirectory(DirectoryInfo dir)
   at UninstallTools.UninstallToolsGlobalConfig.IsSystemDirectory(String installLocation)
11:52:15 - System.IO.IOException: The filename, directory name, or volume label syntax is incorrect. : 'D:\Optimization\Cleaning\BCUninstaller\win-x64\?\C:\Windows\System32\SecurityHealth\10.0.27777.1008-0\SecurityHealthAgent.dll'
   at System.IO.FileSystemInfo.EnsureDataInitialized()
   at UninstallTools.UninstallToolsGlobalConfig.IsSystemDirectory(DirectoryInfo dir)
   at UninstallTools.UninstallToolsGlobalConfig.IsSystemDirectory(String installLocation)
11:52:15 - System.IO.IOException: The filename, directory name, or volume label syntax is incorrect. : 'D:\Optimization\Cleaning\BCUninstaller\win-x64\?\C:\Windows\System32\SecurityHealth\10.0.27777.1008-0\SecurityHealthSSO.dll'
   at System.IO.FileSystemInfo.EnsureDataInitialized()
   at UninstallTools.UninstallToolsGlobalConfig.IsSystemDirectory(DirectoryInfo dir)
   at UninstallTools.UninstallToolsGlobalConfig.IsSystemDirectory(String installLocation)
11:52:15 - System.IO.IOException: The filename, directory name, or volume label syntax is incorrect. : 'D:\Optimization\Cleaning\BCUninstaller\win-x64\?\C:\Windows\System32\SecurityHealth\10.0.27777.1008-0\SecurityHealthAgent.dll'
   at System.IO.FileSystemInfo.EnsureDataInitialized()
   at UninstallTools.UninstallToolsGlobalConfig.IsSystemDirectory(DirectoryInfo dir)
   at UninstallTools.UninstallToolsGlobalConfig.IsSystemDirectory(String installLocation)
11:52:20 - Attempt failed, skipping. Error: System.Reflection.TargetInvocationException: Exception has been thrown by the target of an invocation.
 ---> System.Runtime.InteropServices.COMException (0x80270222): Cannot access Homegroup. Homegroup may not be set up or may have encountered an error. (0x80270222)
   at WinRT.ExceptionHelpers.<ThrowExceptionForHR>g__Throw|20_0(Int32 hr)
   at WinRT.ExceptionHelpers.ThrowExceptionForHR(Int32 hr)
   at ABI.Windows.Storage.IKnownFoldersStaticsMethods.get_HomeGroup(IObjectReference _obj)
   at Windows.Storage.KnownFolders.get_HomeGroup()
   --- End of inner exception stack trace ---
   at System.RuntimeMethodHandle.InvokeMethod(Object target, Span`1& arguments, Signature sig, Boolean constructor, Boolean wrapExceptions)
   at System.Reflection.RuntimeMethodInfo.Invoke(Object obj, BindingFlags invokeAttr, Binder binder, Object[] parameters, CultureInfo culture)
   at System.Reflection.PropertyInfo.GetValue(Object obj)
   at UninstallTools.Junk.JunkManager.<>c.<GetProhibitedLocations>b__4_1(PropertyInfo p)
   at Klocman.Extensions.EnumerableExtensions.Attempt[TIn,TOut](IEnumerable`1 baseEnumerable, Func`2 action)+MoveNext()
11:52:58 - Exception while removing junk: System.Management.ManagementException: Not found 
   at System.Management.ManagementException.ThrowWithExtendedInfo(ManagementStatus errorCode)
   at System.Management.ManagementObject.InvokeMethod(String methodName, ManagementBaseObject inParameters, InvokeMethodOptions options)
   at UninstallTools.Startup.Service.ServiceEntryFactory.DeleteService(String serviceName)
   at UninstallTools.Startup.Service.ServiceEntry.Delete()
   at UninstallTools.Junk.Containers.StartupJunkNode.Delete()
   at BulkCrapUninstaller.Functions.AppUninstaller.<>c__DisplayClass20_0.<ShowJunkWindow>b__1(LoadingDialogInterface controller)
11:52:58 - Exception while removing junk: System.Management.ManagementException: Not found 
   at System.Management.ManagementException.ThrowWithExtendedInfo(ManagementStatus errorCode)
   at System.Management.ManagementObject.InvokeMethod(String methodName, ManagementBaseObject inParameters, InvokeMethodOptions options)
   at UninstallTools.Startup.Service.ServiceEntryFactory.DeleteService(String serviceName)
   at UninstallTools.Startup.Service.ServiceEntry.Delete()
   at UninstallTools.Junk.Containers.StartupJunkNode.Delete()
   at BulkCrapUninstaller.Functions.AppUninstaller.<>c__DisplayClass20_0.<ShowJunkWindow>b__1(LoadingDialogInterface controller)
11:52:58 - Exception while removing junk: System.Management.ManagementException: Not found 
   at System.Management.ManagementException.ThrowWithExtendedInfo(ManagementStatus errorCode)
   at System.Management.ManagementObject.InvokeMethod(String methodName, ManagementBaseObject inParameters, InvokeMethodOptions options)
   at UninstallTools.Startup.Service.ServiceEntryFactory.DeleteService(String serviceName)
   at UninstallTools.Startup.Service.ServiceEntry.Delete()
   at UninstallTools.Junk.Containers.StartupJunkNode.Delete()
   at BulkCrapUninstaller.Functions.AppUninstaller.<>c__DisplayClass20_0.<ShowJunkWindow>b__1(LoadingDialogInterface controller)
11:52:58 - Exception while removing junk: System.Management.ManagementException: Not found 
   at System.Management.ManagementException.ThrowWithExtendedInfo(ManagementStatus errorCode)
   at System.Management.ManagementObject.InvokeMethod(String methodName, ManagementBaseObject inParameters, InvokeMethodOptions options)
   at UninstallTools.Startup.Service.ServiceEntryFactory.DeleteService(String serviceName)
   at UninstallTools.Startup.Service.ServiceEntry.Delete()
   at UninstallTools.Junk.Containers.StartupJunkNode.Delete()
   at BulkCrapUninstaller.Functions.AppUninstaller.<>c__DisplayClass20_0.<ShowJunkWindow>b__1(LoadingDialogInterface controller)
11:52:58 - Exception while removing junk: System.Management.ManagementException: Not found 
   at System.Management.ManagementException.ThrowWithExtendedInfo(ManagementStatus errorCode)
   at System.Management.ManagementObject.InvokeMethod(String methodName, ManagementBaseObject inParameters, InvokeMethodOptions options)
   at UninstallTools.Startup.Service.ServiceEntryFactory.DeleteService(String serviceName)
   at UninstallTools.Startup.Service.ServiceEntry.Delete()
   at UninstallTools.Junk.Containers.StartupJunkNode.Delete()
   at BulkCrapUninstaller.Functions.AppUninstaller.<>c__DisplayClass20_0.<ShowJunkWindow>b__1(LoadingDialogInterface controller)
11:52:58 - Exception while removing junk: System.Management.ManagementException: Not found 
   at System.Management.ManagementException.ThrowWithExtendedInfo(ManagementStatus errorCode)
   at System.Management.ManagementObject.InvokeMethod(String methodName, ManagementBaseObject inParameters, InvokeMethodOptions options)
   at UninstallTools.Startup.Service.ServiceEntryFactory.DeleteService(String serviceName)
   at UninstallTools.Startup.Service.ServiceEntry.Delete()
   at UninstallTools.Junk.Containers.StartupJunkNode.Delete()
   at BulkCrapUninstaller.Functions.AppUninstaller.<>c__DisplayClass20_0.<ShowJunkWindow>b__1(LoadingDialogInterface controller)
11:52:58 - Exception while removing junk: System.Management.ManagementException: Not found 
   at System.Management.ManagementException.ThrowWithExtendedInfo(ManagementStatus errorCode)
   at System.Management.ManagementObject.InvokeMethod(String methodName, ManagementBaseObject inParameters, InvokeMethodOptions options)
   at UninstallTools.Startup.Service.ServiceEntryFactory.DeleteService(String serviceName)
   at UninstallTools.Startup.Service.ServiceEntry.Delete()
   at UninstallTools.Junk.Containers.StartupJunkNode.Delete()
   at BulkCrapUninstaller.Functions.AppUninstaller.<>c__DisplayClass20_0.<ShowJunkWindow>b__1(LoadingDialogInterface controller)
11:52:58 - Exception while removing junk: System.Management.ManagementException: Not found 
   at System.Management.ManagementException.ThrowWithExtendedInfo(ManagementStatus errorCode)
   at System.Management.ManagementObject.InvokeMethod(String methodName, ManagementBaseObject inParameters, InvokeMethodOptions options)
   at UninstallTools.Startup.Service.ServiceEntryFactory.DeleteService(String serviceName)
   at UninstallTools.Startup.Service.ServiceEntry.Delete()
   at UninstallTools.Junk.Containers.StartupJunkNode.Delete()
   at BulkCrapUninstaller.Functions.AppUninstaller.<>c__DisplayClass20_0.<ShowJunkWindow>b__1(LoadingDialogInterface controller)
11:52:58 - Exception while removing junk: System.Management.ManagementException: Not found 
   at System.Management.ManagementException.ThrowWithExtendedInfo(ManagementStatus errorCode)
   at System.Management.ManagementObject.InvokeMethod(String methodName, ManagementBaseObject inParameters, InvokeMethodOptions options)
   at UninstallTools.Startup.Service.ServiceEntryFactory.DeleteService(String serviceName)
   at UninstallTools.Startup.Service.ServiceEntry.Delete()
   at UninstallTools.Junk.Containers.StartupJunkNode.Delete()
   at BulkCrapUninstaller.Functions.AppUninstaller.<>c__DisplayClass20_0.<ShowJunkWindow>b__1(LoadingDialogInterface controller)
11:52:58 - Exception while removing junk: System.Management.ManagementException: Not found 
   at System.Management.ManagementException.ThrowWithExtendedInfo(ManagementStatus errorCode)
   at System.Management.ManagementObject.InvokeMethod(String methodName, ManagementBaseObject inParameters, InvokeMethodOptions options)
   at UninstallTools.Startup.Service.ServiceEntryFactory.DeleteService(String serviceName)
   at UninstallTools.Startup.Service.ServiceEntry.Delete()
   at UninstallTools.Junk.Containers.StartupJunkNode.Delete()
   at BulkCrapUninstaller.Functions.AppUninstaller.<>c__DisplayClass20_0.<ShowJunkWindow>b__1(LoadingDialogInterface controller)
11:52:58 - Exception while removing junk: System.Management.ManagementException: Not found 
   at System.Management.ManagementException.ThrowWithExtendedInfo(ManagementStatus errorCode)
   at System.Management.ManagementObject.InvokeMethod(String methodName, ManagementBaseObject inParameters, InvokeMethodOptions options)
   at UninstallTools.Startup.Service.ServiceEntryFactory.DeleteService(String serviceName)
   at UninstallTools.Startup.Service.ServiceEntry.Delete()
   at UninstallTools.Junk.Containers.StartupJunkNode.Delete()
   at BulkCrapUninstaller.Functions.AppUninstaller.<>c__DisplayClass20_0.<ShowJunkWindow>b__1(LoadingDialogInterface controller)
11:52:58 - Exception while removing junk: System.Management.ManagementException: Not found 
   at System.Management.ManagementException.ThrowWithExtendedInfo(ManagementStatus errorCode)
   at System.Management.ManagementObject.InvokeMethod(String methodName, ManagementBaseObject inParameters, InvokeMethodOptions options)
   at UninstallTools.Startup.Service.ServiceEntryFactory.DeleteService(String serviceName)
   at UninstallTools.Startup.Service.ServiceEntry.Delete()
   at UninstallTools.Junk.Containers.StartupJunkNode.Delete()
   at BulkCrapUninstaller.Functions.AppUninstaller.<>c__DisplayClass20_0.<ShowJunkWindow>b__1(LoadingDialogInterface controller)
11:52:58 - Exception while removing junk: System.Management.ManagementException: Not found 
   at System.Management.ManagementException.ThrowWithExtendedInfo(ManagementStatus errorCode)
   at System.Management.ManagementObject.InvokeMethod(String methodName, ManagementBaseObject inParameters, InvokeMethodOptions options)
   at UninstallTools.Startup.Service.ServiceEntryFactory.DeleteService(String serviceName)
   at UninstallTools.Startup.Service.ServiceEntry.Delete()
   at UninstallTools.Junk.Containers.StartupJunkNode.Delete()
   at BulkCrapUninstaller.Functions.AppUninstaller.<>c__DisplayClass20_0.<ShowJunkWindow>b__1(LoadingDialogInterface controller)
11:52:58 - Exception while removing junk: System.Management.ManagementException: Not found 
   at System.Management.ManagementException.ThrowWithExtendedInfo(ManagementStatus errorCode)
   at System.Management.ManagementObject.InvokeMethod(String methodName, ManagementBaseObject inParameters, InvokeMethodOptions options)
   at UninstallTools.Startup.Service.ServiceEntryFactory.DeleteService(String serviceName)
   at UninstallTools.Startup.Service.ServiceEntry.Delete()
   at UninstallTools.Junk.Containers.StartupJunkNode.Delete()
   at BulkCrapUninstaller.Functions.AppUninstaller.<>c__DisplayClass20_0.<ShowJunkWindow>b__1(LoadingDialogInterface controller)
11:52:58 - Exception while removing junk: System.Management.ManagementException: Not found 
   at System.Management.ManagementException.ThrowWithExtendedInfo(ManagementStatus errorCode)
   at System.Management.ManagementObject.InvokeMethod(String methodName, ManagementBaseObject inParameters, InvokeMethodOptions options)
   at UninstallTools.Startup.Service.ServiceEntryFactory.DeleteService(String serviceName)
   at UninstallTools.Startup.Service.ServiceEntry.Delete()
   at UninstallTools.Junk.Containers.StartupJunkNode.Delete()
   at BulkCrapUninstaller.Functions.AppUninstaller.<>c__DisplayClass20_0.<ShowJunkWindow>b__1(LoadingDialogInterface controller)
11:52:58 - Exception while removing junk: System.Management.ManagementException: Not found 
   at System.Management.ManagementException.ThrowWithExtendedInfo(ManagementStatus errorCode)
   at System.Management.ManagementObject.InvokeMethod(String methodName, ManagementBaseObject inParameters, InvokeMethodOptions options)
   at UninstallTools.Startup.Service.ServiceEntryFactory.DeleteService(String serviceName)
   at UninstallTools.Startup.Service.ServiceEntry.Delete()
   at UninstallTools.Junk.Containers.StartupJunkNode.Delete()
   at BulkCrapUninstaller.Functions.AppUninstaller.<>c__DisplayClass20_0.<ShowJunkWindow>b__1(LoadingDialogInterface controller)
11:52:58 - Exception while removing junk: System.ArgumentException: Cannot delete a subkey tree because the subkey does not exist.
   at Microsoft.Win32.RegistryKey.DeleteSubKeyTree(String subkey, Boolean throwOnMissingSubKey)
   at Microsoft.Win32.RegistryKey.DeleteSubKeyTree(String subkey)
   at UninstallTools.Junk.Containers.RegistryKeyJunk.Delete()
   at BulkCrapUninstaller.Functions.AppUninstaller.<>c__DisplayClass20_0.<ShowJunkWindow>b__1(LoadingDialogInterface controller)
11:52:58 - Exception while removing junk: System.ArgumentException: Cannot delete a subkey tree because the subkey does not exist.
   at Microsoft.Win32.RegistryKey.DeleteSubKeyTree(String subkey, Boolean throwOnMissingSubKey)
   at Microsoft.Win32.RegistryKey.DeleteSubKeyTree(String subkey)
   at UninstallTools.Junk.Containers.RegistryKeyJunk.Delete()
   at BulkCrapUninstaller.Functions.AppUninstaller.<>c__DisplayClass20_0.<ShowJunkWindow>b__1(LoadingDialogInterface controller)
11:52:58 - Exception while removing junk: System.ArgumentException: Cannot delete a subkey tree because the subkey does not exist.
   at Microsoft.Win32.RegistryKey.DeleteSubKeyTree(String subkey, Boolean throwOnMissingSubKey)
   at Microsoft.Win32.RegistryKey.DeleteSubKeyTree(String subkey)
   at UninstallTools.Junk.Containers.RegistryKeyJunk.Delete()
   at BulkCrapUninstaller.Functions.AppUninstaller.<>c__DisplayClass20_0.<ShowJunkWindow>b__1(LoadingDialogInterface controller)
11:52:58 - Exception while removing junk: System.ArgumentException: Cannot delete a subkey tree because the subkey does not exist.
   at Microsoft.Win32.RegistryKey.DeleteSubKeyTree(String subkey, Boolean throwOnMissingSubKey)
   at Microsoft.Win32.RegistryKey.DeleteSubKeyTree(String subkey)
   at UninstallTools.Junk.Containers.RegistryKeyJunk.Delete()
   at BulkCrapUninstaller.Functions.AppUninstaller.<>c__DisplayClass20_0.<ShowJunkWindow>b__1(LoadingDialogInterface controller)
11:52:58 - Exception while removing junk: System.IO.FileNotFoundException: Could not find file 'C:\WINDOWS\Prefetch\UPDATER.EXE-C7592898.pf'.
File name: 'C:\WINDOWS\Prefetch\UPDATER.EXE-C7592898.pf'
   at Microsoft.VisualBasic.FileIO.FileSystem.DeleteFileInternal(String file, UIOptionInternal showUI, RecycleOption recycle, UICancelOption onUserCancel)
   at Microsoft.VisualBasic.FileIO.FileSystem.DeleteFile(String file, UIOption showUI, RecycleOption recycle, UICancelOption onUserCancel)
   at UninstallTools.Junk.Containers.FileSystemJunk.Delete()
   at BulkCrapUninstaller.Functions.AppUninstaller.<>c__DisplayClass20_0.<ShowJunkWindow>b__1(LoadingDialogInterface controller)
11:52:58 - Exception while removing junk: System.ArgumentException: Cannot delete a subkey tree because the subkey does not exist.
   at Microsoft.Win32.RegistryKey.DeleteSubKeyTree(String subkey, Boolean throwOnMissingSubKey)
   at Microsoft.Win32.RegistryKey.DeleteSubKeyTree(String subkey)
   at UninstallTools.Junk.Containers.RegistryKeyJunk.Delete()
   at BulkCrapUninstaller.Functions.AppUninstaller.<>c__DisplayClass20_0.<ShowJunkWindow>b__1(LoadingDialogInterface controller)
11:52:58 - Exception while removing junk: System.ArgumentException: Cannot delete a subkey tree because the subkey does not exist.
   at Microsoft.Win32.RegistryKey.DeleteSubKeyTree(String subkey, Boolean throwOnMissingSubKey)
   at Microsoft.Win32.RegistryKey.DeleteSubKeyTree(String subkey)
   at UninstallTools.Junk.Containers.RegistryKeyJunk.Delete()
   at BulkCrapUninstaller.Functions.AppUninstaller.<>c__DisplayClass20_0.<ShowJunkWindow>b__1(LoadingDialogInterface controller)
11:52:58 - Exception while removing junk: System.IO.FileNotFoundException: Could not find file 'C:\WINDOWS\Prefetch\UPDATER.EXE-C7592898.pf'.
File name: 'C:\WINDOWS\Prefetch\UPDATER.EXE-C7592898.pf'
   at Microsoft.VisualBasic.FileIO.FileSystem.DeleteFileInternal(String file, UIOptionInternal showUI, RecycleOption recycle, UICancelOption onUserCancel)
   at Microsoft.VisualBasic.FileIO.FileSystem.DeleteFile(String file, UIOption showUI, RecycleOption recycle, UICancelOption onUserCancel)
   at UninstallTools.Junk.Containers.FileSystemJunk.Delete()
   at BulkCrapUninstaller.Functions.AppUninstaller.<>c__DisplayClass20_0.<ShowJunkWindow>b__1(LoadingDialogInterface controller)
11:52:58 - Exception while removing junk: System.ArgumentException: Cannot delete a subkey tree because the subkey does not exist.
   at Microsoft.Win32.RegistryKey.DeleteSubKeyTree(String subkey, Boolean throwOnMissingSubKey)
   at Microsoft.Win32.RegistryKey.DeleteSubKeyTree(String subkey)
   at UninstallTools.Junk.Containers.RegistryKeyJunk.Delete()
   at BulkCrapUninstaller.Functions.AppUninstaller.<>c__DisplayClass20_0.<ShowJunkWindow>b__1(LoadingDialogInterface controller)
11:52:58 - Exception while removing junk: System.ArgumentException: Cannot delete a subkey tree because the subkey does not exist.
   at Microsoft.Win32.RegistryKey.DeleteSubKeyTree(String subkey, Boolean throwOnMissingSubKey)
   at Microsoft.Win32.RegistryKey.DeleteSubKeyTree(String subkey)
   at UninstallTools.Junk.Containers.RegistryKeyJunk.Delete()
   at BulkCrapUninstaller.Functions.AppUninstaller.<>c__DisplayClass20_0.<ShowJunkWindow>b__1(LoadingDialogInterface controller)
11:52:58 - Exception while removing junk: System.IO.FileNotFoundException: Could not find file 'C:\WINDOWS\Prefetch\UPDATER.EXE-C7592898.pf'.
File name: 'C:\WINDOWS\Prefetch\UPDATER.EXE-C7592898.pf'
   at Microsoft.VisualBasic.FileIO.FileSystem.DeleteFileInternal(String file, UIOptionInternal showUI, RecycleOption recycle, UICancelOption onUserCancel)
   at Microsoft.VisualBasic.FileIO.FileSystem.DeleteFile(String file, UIOption showUI, RecycleOption recycle, UICancelOption onUserCancel)
   at UninstallTools.Junk.Containers.FileSystemJunk.Delete()
   at BulkCrapUninstaller.Functions.AppUninstaller.<>c__DisplayClass20_0.<ShowJunkWindow>b__1(LoadingDialogInterface controller)
11:53:01 - [Performance] Running command c:\programdata\chocolatey\bin\choco.exe  took 1905ms
11:53:02 - [Performance] Running command c:\programdata\chocolatey\bin\choco.exe list -lo -nocolor --detail took 1559ms
11:53:02 - [Performance] Factory ChocolateyFactory took 3522ms to finish
11:53:03 - [Performance] Running command D:\Optimization\Cleaning\BCUninstaller\win-x64\OculusHelper.exe /query took 736ms
11:53:03 - [Performance] Factory OculusFactory took 768ms to finish
11:53:03 - [Performance] Factory PredefinedFactory took 0ms to finish
11:53:03 - [Performance] Factory ScoopFactory took 0ms to finish
11:53:03 - [Performance] Running command D:\Optimization\Cleaning\BCUninstaller\win-x64\ScriptHelper.exe list took 232ms
11:53:03 - [Performance] Factory ScriptFactory took 261ms to finish
11:53:03 - [Performance] Running command D:\Optimization\Cleaning\BCUninstaller\win-x64\SteamHelper.exe steam took 117ms
11:53:04 - [Performance] Running command D:\Optimization\Cleaning\BCUninstaller\win-x64\SteamHelper.exe l /i took 313ms
11:53:04 - [Performance] Factory SteamFactory took 467ms to finish
11:53:05 - [Performance] Factory RegistryFactory took 6783ms to finish
11:53:05 - Cache hits: 437/437
11:53:06 - [Performance] Factory DirectoryFactory took 694ms to finish
11:53:06 - [Performance] Running command D:\Optimization\Cleaning\BCUninstaller\win-x64\StoreAppHelper.exe /query took 2100ms
11:53:06 - [Performance] Factory StoreAppFactory took 2243ms to finish
11:53:07 - Cache hits: 526/526
--------------------------------------------------
12:02:50 PM - Application startup
12:02:54 - [Performance] Running command c:\programdata\chocolatey\bin\choco.exe  took 2039ms
12:02:55 - [Performance] Running command c:\programdata\chocolatey\bin\choco.exe list -lo -nocolor --detail took 1496ms
12:02:55 - [Performance] Factory ChocolateyFactory took 3583ms to finish
12:02:55 - [Performance] Running command D:\Optimization\Cleaning\BCUninstaller\win-x64\OculusHelper.exe /query took 177ms
12:02:55 - [Performance] Factory OculusFactory took 210ms to finish
12:02:55 - [Performance] Factory PredefinedFactory took 0ms to finish
12:02:55 - [Performance] Factory ScoopFactory took 2ms to finish
12:02:56 - [Performance] Running command D:\Optimization\Cleaning\BCUninstaller\win-x64\ScriptHelper.exe list took 160ms
12:02:56 - [Performance] Factory ScriptFactory took 191ms to finish
12:02:56 - [Performance] Running command D:\Optimization\Cleaning\BCUninstaller\win-x64\SteamHelper.exe steam took 125ms
12:02:56 - [Performance] Running command D:\Optimization\Cleaning\BCUninstaller\win-x64\SteamHelper.exe l /i took 302ms
12:02:56 - [Performance] Factory SteamFactory took 468ms to finish
12:02:58 - [Performance] Factory RegistryFactory took 6820ms to finish
12:02:58 - FastSizeGenerator: Everything search engine is not available - es.exe failed to connect to Everything
12:02:58 - Cache hits: 437/437
12:02:59 - [Performance] Running command D:\Optimization\Cleaning\BCUninstaller\win-x64\StoreAppHelper.exe /query took 3129ms
12:02:59 - [Performance] Factory DirectoryFactory took 346ms to finish
12:03:00 - [Performance] Factory StoreAppFactory took 3367ms to finish
12:03:01 - Cache hits: 516/529
12:05:44 - System.IO.IOException: The filename, directory name, or volume label syntax is incorrect. : 'D:\Optimization\Cleaning\BCUninstaller\win-x64\?\C:\Windows\System32\SecurityHealth\10.0.27777.1008-0\SecurityHealthAgent.dll'
   at System.IO.FileSystemInfo.EnsureDataInitialized()
   at UninstallTools.UninstallToolsGlobalConfig.IsSystemDirectory(DirectoryInfo dir)
   at UninstallTools.UninstallToolsGlobalConfig.IsSystemDirectory(String installLocation)
12:05:44 - System.IO.IOException: The filename, directory name, or volume label syntax is incorrect. : 'D:\Optimization\Cleaning\BCUninstaller\win-x64\?\C:\Windows\System32\SecurityHealth\10.0.27777.1008-0\SecurityHealthAgent.dll'
   at System.IO.FileSystemInfo.EnsureDataInitialized()
   at UninstallTools.UninstallToolsGlobalConfig.IsSystemDirectory(DirectoryInfo dir)
   at UninstallTools.UninstallToolsGlobalConfig.IsSystemDirectory(String installLocation)
12:05:44 - System.IO.IOException: The filename, directory name, or volume label syntax is incorrect. : 'D:\Optimization\Cleaning\BCUninstaller\win-x64\?\C:\Windows\System32\SecurityHealth\10.0.27777.1008-0\SecurityHealthAgent.dll'
   at System.IO.FileSystemInfo.EnsureDataInitialized()
   at UninstallTools.UninstallToolsGlobalConfig.IsSystemDirectory(DirectoryInfo dir)
   at UninstallTools.UninstallToolsGlobalConfig.IsSystemDirectory(String installLocation)
12:05:44 - System.IO.IOException: The filename, directory name, or volume label syntax is incorrect. : 'D:\Optimization\Cleaning\BCUninstaller\win-x64\?\C:\Windows\System32\SecurityHealth\10.0.27777.1008-0\SecurityHealthAgent.dll'
   at System.IO.FileSystemInfo.EnsureDataInitialized()
   at UninstallTools.UninstallToolsGlobalConfig.IsSystemDirectory(DirectoryInfo dir)
   at UninstallTools.UninstallToolsGlobalConfig.IsSystemDirectory(String installLocation)
12:05:44 - System.IO.IOException: The filename, directory name, or volume label syntax is incorrect. : 'D:\Optimization\Cleaning\BCUninstaller\win-x64\?\C:\Windows\System32\SecurityHealth\10.0.27777.1008-0\SecurityHealthAgent.dll'
   at System.IO.FileSystemInfo.EnsureDataInitialized()
   at UninstallTools.UninstallToolsGlobalConfig.IsSystemDirectory(DirectoryInfo dir)
   at UninstallTools.UninstallToolsGlobalConfig.IsSystemDirectory(String installLocation)
12:05:44 - System.IO.IOException: The filename, directory name, or volume label syntax is incorrect. : 'D:\Optimization\Cleaning\BCUninstaller\win-x64\?\C:\Windows\System32\SecurityHealth\10.0.27777.1008-0\SecurityHealthProxyStub.dll'
   at System.IO.FileSystemInfo.EnsureDataInitialized()
   at UninstallTools.UninstallToolsGlobalConfig.IsSystemDirectory(DirectoryInfo dir)
   at UninstallTools.UninstallToolsGlobalConfig.IsSystemDirectory(String installLocation)
12:05:44 - System.IO.IOException: The filename, directory name, or volume label syntax is incorrect. : 'D:\Optimization\Cleaning\BCUninstaller\win-x64\?\C:\Windows\System32\SecurityHealth\10.0.27777.1008-0\SecurityHealthAgent.dll'
   at System.IO.FileSystemInfo.EnsureDataInitialized()
   at UninstallTools.UninstallToolsGlobalConfig.IsSystemDirectory(DirectoryInfo dir)
   at UninstallTools.UninstallToolsGlobalConfig.IsSystemDirectory(String installLocation)
12:05:44 - System.IO.IOException: The filename, directory name, or volume label syntax is incorrect. : 'D:\Optimization\Cleaning\BCUninstaller\win-x64\?\C:\Windows\System32\SecurityHealth\10.0.27777.1008-0\SecurityHealthAgent.dll'
   at System.IO.FileSystemInfo.EnsureDataInitialized()
   at UninstallTools.UninstallToolsGlobalConfig.IsSystemDirectory(DirectoryInfo dir)
   at UninstallTools.UninstallToolsGlobalConfig.IsSystemDirectory(String installLocation)
12:05:44 - System.IO.IOException: The filename, directory name, or volume label syntax is incorrect. : 'D:\Optimization\Cleaning\BCUninstaller\win-x64\?\C:\Windows\System32\SecurityHealth\10.0.27777.1008-0\SecurityHealthAgent.dll'
   at System.IO.FileSystemInfo.EnsureDataInitialized()
   at UninstallTools.UninstallToolsGlobalConfig.IsSystemDirectory(DirectoryInfo dir)
   at UninstallTools.UninstallToolsGlobalConfig.IsSystemDirectory(String installLocation)
12:05:45 - System.IO.IOException: The filename, directory name, or volume label syntax is incorrect. : 'D:\Optimization\Cleaning\BCUninstaller\win-x64\?\C:\Windows\System32\SecurityHealth\10.0.27777.1008-0\SecurityHealthAgent.dll'
   at System.IO.FileSystemInfo.EnsureDataInitialized()
   at UninstallTools.UninstallToolsGlobalConfig.IsSystemDirectory(DirectoryInfo dir)
   at UninstallTools.UninstallToolsGlobalConfig.IsSystemDirectory(String installLocation)
12:05:45 - System.IO.IOException: The filename, directory name, or volume label syntax is incorrect. : 'D:\Optimization\Cleaning\BCUninstaller\win-x64\?\C:\Windows\System32\SecurityHealth\10.0.27777.1008-0\SecurityHealthAgent.dll'
   at System.IO.FileSystemInfo.EnsureDataInitialized()
   at UninstallTools.UninstallToolsGlobalConfig.IsSystemDirectory(DirectoryInfo dir)
   at UninstallTools.UninstallToolsGlobalConfig.IsSystemDirectory(String installLocation)
12:05:45 - System.IO.IOException: The filename, directory name, or volume label syntax is incorrect. : 'D:\Optimization\Cleaning\BCUninstaller\win-x64\?\C:\Windows\System32\SecurityHealth\10.0.27777.1008-0\SecurityHealthAgent.dll'
   at System.IO.FileSystemInfo.EnsureDataInitialized()
   at UninstallTools.UninstallToolsGlobalConfig.IsSystemDirectory(DirectoryInfo dir)
   at UninstallTools.UninstallToolsGlobalConfig.IsSystemDirectory(String installLocation)
12:05:45 - System.IO.IOException: The filename, directory name, or volume label syntax is incorrect. : 'D:\Optimization\Cleaning\BCUninstaller\win-x64\?\C:\Windows\System32\SecurityHealth\10.0.27777.1008-0\SecurityHealthAgent.dll'
   at System.IO.FileSystemInfo.EnsureDataInitialized()
   at UninstallTools.UninstallToolsGlobalConfig.IsSystemDirectory(DirectoryInfo dir)
   at UninstallTools.UninstallToolsGlobalConfig.IsSystemDirectory(String installLocation)
12:05:45 - System.IO.IOException: The filename, directory name, or volume label syntax is incorrect. : 'D:\Optimization\Cleaning\BCUninstaller\win-x64\?\C:\Windows\System32\SecurityHealth\10.0.27777.1008-0\SecurityHealthAgent.dll'
   at System.IO.FileSystemInfo.EnsureDataInitialized()
   at UninstallTools.UninstallToolsGlobalConfig.IsSystemDirectory(DirectoryInfo dir)
   at UninstallTools.UninstallToolsGlobalConfig.IsSystemDirectory(String installLocation)
12:05:45 - System.IO.IOException: The filename, directory name, or volume label syntax is incorrect. : 'D:\Optimization\Cleaning\BCUninstaller\win-x64\?\C:\Windows\System32\SecurityHealth\10.0.27777.1008-0\SecurityHealthAgent.dll'
   at System.IO.FileSystemInfo.EnsureDataInitialized()
   at UninstallTools.UninstallToolsGlobalConfig.IsSystemDirectory(DirectoryInfo dir)
   at UninstallTools.UninstallToolsGlobalConfig.IsSystemDirectory(String installLocation)
12:05:45 - System.IO.IOException: The filename, directory name, or volume label syntax is incorrect. : 'D:\Optimization\Cleaning\BCUninstaller\win-x64\?\C:\Windows\System32\SecurityHealth\10.0.27777.1008-0\SecurityHealthAgent.dll'
   at System.IO.FileSystemInfo.EnsureDataInitialized()
   at UninstallTools.UninstallToolsGlobalConfig.IsSystemDirectory(DirectoryInfo dir)
   at UninstallTools.UninstallToolsGlobalConfig.IsSystemDirectory(String installLocation)
12:05:45 - System.IO.IOException: The filename, directory name, or volume label syntax is incorrect. : 'D:\Optimization\Cleaning\BCUninstaller\win-x64\?\C:\Windows\System32\SecurityHealth\10.0.27777.1008-0\SecurityHealthAgent.dll'
   at System.IO.FileSystemInfo.EnsureDataInitialized()
   at UninstallTools.UninstallToolsGlobalConfig.IsSystemDirectory(DirectoryInfo dir)
   at UninstallTools.UninstallToolsGlobalConfig.IsSystemDirectory(String installLocation)
12:05:45 - System.IO.IOException: The filename, directory name, or volume label syntax is incorrect. : 'D:\Optimization\Cleaning\BCUninstaller\win-x64\?\C:\Windows\System32\SecurityHealth\10.0.27777.1008-0\SecurityHealthAgent.dll'
   at System.IO.FileSystemInfo.EnsureDataInitialized()
   at UninstallTools.UninstallToolsGlobalConfig.IsSystemDirectory(DirectoryInfo dir)
   at UninstallTools.UninstallToolsGlobalConfig.IsSystemDirectory(String installLocation)
12:05:45 - System.IO.IOException: The filename, directory name, or volume label syntax is incorrect. : 'D:\Optimization\Cleaning\BCUninstaller\win-x64\?\C:\Windows\System32\SecurityHealth\10.0.27777.1008-0\SecurityHealthSSO.dll'
   at System.IO.FileSystemInfo.EnsureDataInitialized()
   at UninstallTools.UninstallToolsGlobalConfig.IsSystemDirectory(DirectoryInfo dir)
   at UninstallTools.UninstallToolsGlobalConfig.IsSystemDirectory(String installLocation)
12:05:45 - System.IO.IOException: The filename, directory name, or volume label syntax is incorrect. : 'D:\Optimization\Cleaning\BCUninstaller\win-x64\?\C:\Windows\System32\SecurityHealth\10.0.27777.1008-0\SecurityHealthAgent.dll'
   at System.IO.FileSystemInfo.EnsureDataInitialized()
   at UninstallTools.UninstallToolsGlobalConfig.IsSystemDirectory(DirectoryInfo dir)
   at UninstallTools.UninstallToolsGlobalConfig.IsSystemDirectory(String installLocation)
12:05:49 - Attempt failed, skipping. Error: System.Reflection.TargetInvocationException: Exception has been thrown by the target of an invocation.
 ---> System.Runtime.InteropServices.COMException (0x80270222): Cannot access Homegroup. Homegroup may not be set up or may have encountered an error. (0x80270222)
   at WinRT.ExceptionHelpers.<ThrowExceptionForHR>g__Throw|20_0(Int32 hr)
   at WinRT.ExceptionHelpers.ThrowExceptionForHR(Int32 hr)
   at ABI.Windows.Storage.IKnownFoldersStaticsMethods.get_HomeGroup(IObjectReference _obj)
   at Windows.Storage.KnownFolders.get_HomeGroup()
   --- End of inner exception stack trace ---
   at System.RuntimeMethodHandle.InvokeMethod(Object target, Span`1& arguments, Signature sig, Boolean constructor, Boolean wrapExceptions)
   at System.Reflection.RuntimeMethodInfo.Invoke(Object obj, BindingFlags invokeAttr, Binder binder, Object[] parameters, CultureInfo culture)
   at System.Reflection.PropertyInfo.GetValue(Object obj)
   at UninstallTools.Junk.JunkManager.<>c.<GetProhibitedLocations>b__4_1(PropertyInfo p)
   at Klocman.Extensions.EnumerableExtensions.Attempt[TIn,TOut](IEnumerable`1 baseEnumerable, Func`2 action)+MoveNext()
12:05:59 - [Performance] Running command c:\programdata\chocolatey\bin\choco.exe  took 1406ms
12:05:59 - [Performance] Factory RegistryFactory took 2340ms to finish
12:05:59 - Cache hits: 436/436
12:06:00 - [Performance] Factory DirectoryFactory took 157ms to finish
12:06:00 - [Performance] Running command c:\programdata\chocolatey\bin\choco.exe list -lo -nocolor --detail took 1431ms
12:06:00 - [Performance] Factory ChocolateyFactory took 2845ms to finish
12:06:00 - [Performance] Running command D:\Optimization\Cleaning\BCUninstaller\win-x64\OculusHelper.exe /query took 50ms
12:06:00 - [Performance] Factory OculusFactory took 53ms to finish
12:06:00 - [Performance] Factory PredefinedFactory took 0ms to finish
12:06:00 - [Performance] Factory ScoopFactory took 0ms to finish
12:06:01 - [Performance] Running command D:\Optimization\Cleaning\BCUninstaller\win-x64\ScriptHelper.exe list took 78ms
12:06:01 - [Performance] Factory ScriptFactory took 82ms to finish
12:06:01 - [Performance] Running command D:\Optimization\Cleaning\BCUninstaller\win-x64\SteamHelper.exe steam took 51ms
12:06:01 - [Performance] Running command D:\Optimization\Cleaning\BCUninstaller\win-x64\SteamHelper.exe l /i took 95ms
12:06:01 - [Performance] Factory SteamFactory took 157ms to finish
12:06:01 - [Performance] Running command D:\Optimization\Cleaning\BCUninstaller\win-x64\StoreAppHelper.exe /query took 590ms
12:06:01 - [Performance] Factory StoreAppFactory took 671ms to finish
12:06:02 - Cache hits: 523/523
--------------------------------------------------
5:09:37 AM - Application startup
05:09:40 - [Performance] Running command c:\programdata\chocolatey\bin\choco.exe  took 1495ms
05:09:40 - [Performance] Factory RegistryFactory took 2418ms to finish
05:09:40 - FastSizeGenerator: Everything search engine is not available - es.exe failed to connect to Everything
05:09:40 - Cache hits: 433/437
05:09:41 - [Performance] Factory DirectoryFactory took 267ms to finish
05:09:41 - [Performance] Running command c:\programdata\chocolatey\bin\choco.exe list -lo -nocolor --detail took 1405ms
05:09:41 - [Performance] Factory ChocolateyFactory took 2918ms to finish
05:09:41 - [Performance] Running command D:\Optimization\Cleaning\BCUninstaller\win-x64\OculusHelper.exe /query took 46ms
05:09:41 - [Performance] Factory OculusFactory took 54ms to finish
05:09:41 - [Performance] Factory PredefinedFactory took 0ms to finish
05:09:41 - [Performance] Factory ScoopFactory took 2ms to finish
05:09:41 - [Performance] Running command D:\Optimization\Cleaning\BCUninstaller\win-x64\ScriptHelper.exe list took 74ms
05:09:41 - [Performance] Factory ScriptFactory took 83ms to finish
05:09:41 - [Performance] Running command D:\Optimization\Cleaning\BCUninstaller\win-x64\SteamHelper.exe steam took 48ms
05:09:41 - [Performance] Running command D:\Optimization\Cleaning\BCUninstaller\win-x64\SteamHelper.exe l /i took 88ms
05:09:41 - [Performance] Factory SteamFactory took 150ms to finish
05:09:42 - [Performance] Running command D:\Optimization\Cleaning\BCUninstaller\win-x64\StoreAppHelper.exe /query took 800ms
05:09:42 - [Performance] Factory StoreAppFactory took 907ms to finish
05:09:43 - Cache hits: 507/533
--------------------------------------------------
8:36:05 AM - Application startup
08:36:07 - [Performance] Running command c:\programdata\chocolatey\bin\choco.exe  took 1486ms
08:36:08 - [Performance] Factory RegistryFactory took 2399ms to finish
08:36:08 - FastSizeGenerator: Everything search engine is not available - es.exe failed to connect to Everything
08:36:08 - Cache hits: 435/437
08:36:08 - [Performance] Factory DirectoryFactory took 200ms to finish
08:36:09 - [Performance] Running command c:\programdata\chocolatey\bin\choco.exe list -lo -nocolor --detail took 1393ms
08:36:09 - [Performance] Factory ChocolateyFactory took 2895ms to finish
08:36:09 - [Performance] Running command D:\Optimization\Cleaning\BCUninstaller\win-x64\OculusHelper.exe /query took 62ms
08:36:09 - [Performance] Factory OculusFactory took 68ms to finish
08:36:09 - [Performance] Factory PredefinedFactory took 0ms to finish
08:36:09 - [Performance] Factory ScoopFactory took 2ms to finish
08:36:09 - [Performance] Running command D:\Optimization\Cleaning\BCUninstaller\win-x64\ScriptHelper.exe list took 87ms
08:36:09 - [Performance] Factory ScriptFactory took 94ms to finish
08:36:09 - [Performance] Running command D:\Optimization\Cleaning\BCUninstaller\win-x64\SteamHelper.exe steam took 72ms
08:36:09 - [Performance] Running command D:\Optimization\Cleaning\BCUninstaller\win-x64\SteamHelper.exe l /i took 107ms
08:36:09 - [Performance] Factory SteamFactory took 191ms to finish
08:36:10 - [Performance] Running command D:\Optimization\Cleaning\BCUninstaller\win-x64\StoreAppHelper.exe /query took 672ms
08:36:10 - [Performance] Factory StoreAppFactory took 763ms to finish
08:36:11 - Cache hits: 529/535
08:37:29 - System.IO.IOException: The filename, directory name, or volume label syntax is incorrect. : 'D:\Optimization\Cleaning\BCUninstaller\win-x64\?\C:\Windows\System32\SecurityHealth\10.0.27840.1000-0\SecurityHealthAgent.dll'
   at System.IO.FileSystemInfo.EnsureDataInitialized()
   at UninstallTools.UninstallToolsGlobalConfig.IsSystemDirectory(DirectoryInfo dir)
   at UninstallTools.UninstallToolsGlobalConfig.IsSystemDirectory(String installLocation)
08:37:29 - System.IO.IOException: The filename, directory name, or volume label syntax is incorrect. : 'D:\Optimization\Cleaning\BCUninstaller\win-x64\?\C:\Windows\System32\SecurityHealth\10.0.27840.1000-0\SecurityHealthAgent.dll'
   at System.IO.FileSystemInfo.EnsureDataInitialized()
   at UninstallTools.UninstallToolsGlobalConfig.IsSystemDirectory(DirectoryInfo dir)
   at UninstallTools.UninstallToolsGlobalConfig.IsSystemDirectory(String installLocation)
08:37:29 - System.IO.IOException: The filename, directory name, or volume label syntax is incorrect. : 'D:\Optimization\Cleaning\BCUninstaller\win-x64\?\C:\Windows\System32\SecurityHealth\10.0.27840.1000-0\SecurityHealthAgent.dll'
   at System.IO.FileSystemInfo.EnsureDataInitialized()
   at UninstallTools.UninstallToolsGlobalConfig.IsSystemDirectory(DirectoryInfo dir)
   at UninstallTools.UninstallToolsGlobalConfig.IsSystemDirectory(String installLocation)
08:37:29 - System.IO.IOException: The filename, directory name, or volume label syntax is incorrect. : 'D:\Optimization\Cleaning\BCUninstaller\win-x64\?\C:\Windows\System32\SecurityHealth\10.0.27840.1000-0\SecurityHealthAgent.dll'
   at System.IO.FileSystemInfo.EnsureDataInitialized()
   at UninstallTools.UninstallToolsGlobalConfig.IsSystemDirectory(DirectoryInfo dir)
   at UninstallTools.UninstallToolsGlobalConfig.IsSystemDirectory(String installLocation)
08:37:29 - System.IO.IOException: The filename, directory name, or volume label syntax is incorrect. : 'D:\Optimization\Cleaning\BCUninstaller\win-x64\?\C:\Windows\System32\SecurityHealth\10.0.27840.1000-0\SecurityHealthAgent.dll'
   at System.IO.FileSystemInfo.EnsureDataInitialized()
   at UninstallTools.UninstallToolsGlobalConfig.IsSystemDirectory(DirectoryInfo dir)
   at UninstallTools.UninstallToolsGlobalConfig.IsSystemDirectory(String installLocation)
08:37:29 - System.IO.IOException: The filename, directory name, or volume label syntax is incorrect. : 'D:\Optimization\Cleaning\BCUninstaller\win-x64\?\C:\Windows\System32\SecurityHealth\10.0.27840.1000-0\SecurityHealthProxyStub.dll'
   at System.IO.FileSystemInfo.EnsureDataInitialized()
   at UninstallTools.UninstallToolsGlobalConfig.IsSystemDirectory(DirectoryInfo dir)
   at UninstallTools.UninstallToolsGlobalConfig.IsSystemDirectory(String installLocation)
08:37:29 - System.IO.IOException: The filename, directory name, or volume label syntax is incorrect. : 'D:\Optimization\Cleaning\BCUninstaller\win-x64\?\C:\Windows\System32\SecurityHealth\10.0.27840.1000-0\SecurityHealthAgent.dll'
   at System.IO.FileSystemInfo.EnsureDataInitialized()
   at UninstallTools.UninstallToolsGlobalConfig.IsSystemDirectory(DirectoryInfo dir)
   at UninstallTools.UninstallToolsGlobalConfig.IsSystemDirectory(String installLocation)
08:37:29 - System.IO.IOException: The filename, directory name, or volume label syntax is incorrect. : 'D:\Optimization\Cleaning\BCUninstaller\win-x64\?\C:\Windows\System32\SecurityHealth\10.0.27840.1000-0\SecurityHealthAgent.dll'
   at System.IO.FileSystemInfo.EnsureDataInitialized()
   at UninstallTools.UninstallToolsGlobalConfig.IsSystemDirectory(DirectoryInfo dir)
   at UninstallTools.UninstallToolsGlobalConfig.IsSystemDirectory(String installLocation)
08:37:29 - System.IO.IOException: The filename, directory name, or volume label syntax is incorrect. : 'D:\Optimization\Cleaning\BCUninstaller\win-x64\?\C:\Windows\System32\SecurityHealth\10.0.27840.1000-0\SecurityHealthAgent.dll'
   at System.IO.FileSystemInfo.EnsureDataInitialized()
   at UninstallTools.UninstallToolsGlobalConfig.IsSystemDirectory(DirectoryInfo dir)
   at UninstallTools.UninstallToolsGlobalConfig.IsSystemDirectory(String installLocation)
08:37:29 - System.IO.IOException: The filename, directory name, or volume label syntax is incorrect. : 'D:\Optimization\Cleaning\BCUninstaller\win-x64\?\C:\Windows\System32\SecurityHealth\10.0.27840.1000-0\SecurityHealthAgent.dll'
   at System.IO.FileSystemInfo.EnsureDataInitialized()
   at UninstallTools.UninstallToolsGlobalConfig.IsSystemDirectory(DirectoryInfo dir)
   at UninstallTools.UninstallToolsGlobalConfig.IsSystemDirectory(String installLocation)
08:37:29 - System.IO.IOException: The filename, directory name, or volume label syntax is incorrect. : 'D:\Optimization\Cleaning\BCUninstaller\win-x64\?\C:\Windows\System32\SecurityHealth\10.0.27840.1000-0\SecurityHealthAgent.dll'
   at System.IO.FileSystemInfo.EnsureDataInitialized()
   at UninstallTools.UninstallToolsGlobalConfig.IsSystemDirectory(DirectoryInfo dir)
   at UninstallTools.UninstallToolsGlobalConfig.IsSystemDirectory(String installLocation)
08:37:29 - System.IO.IOException: The filename, directory name, or volume label syntax is incorrect. : 'D:\Optimization\Cleaning\BCUninstaller\win-x64\?\C:\Windows\System32\SecurityHealth\10.0.27840.1000-0\SecurityHealthAgent.dll'
   at System.IO.FileSystemInfo.EnsureDataInitialized()
   at UninstallTools.UninstallToolsGlobalConfig.IsSystemDirectory(DirectoryInfo dir)
   at UninstallTools.UninstallToolsGlobalConfig.IsSystemDirectory(String installLocation)
08:37:29 - System.IO.IOException: The filename, directory name, or volume label syntax is incorrect. : 'D:\Optimization\Cleaning\BCUninstaller\win-x64\?\C:\Windows\System32\SecurityHealth\10.0.27840.1000-0\SecurityHealthAgent.dll'
   at System.IO.FileSystemInfo.EnsureDataInitialized()
   at UninstallTools.UninstallToolsGlobalConfig.IsSystemDirectory(DirectoryInfo dir)
   at UninstallTools.UninstallToolsGlobalConfig.IsSystemDirectory(String installLocation)
08:37:29 - System.IO.IOException: The filename, directory name, or volume label syntax is incorrect. : 'D:\Optimization\Cleaning\BCUninstaller\win-x64\?\C:\Windows\System32\SecurityHealth\10.0.27840.1000-0\SecurityHealthAgent.dll'
   at System.IO.FileSystemInfo.EnsureDataInitialized()
   at UninstallTools.UninstallToolsGlobalConfig.IsSystemDirectory(DirectoryInfo dir)
   at UninstallTools.UninstallToolsGlobalConfig.IsSystemDirectory(String installLocation)
08:37:29 - System.IO.IOException: The filename, directory name, or volume label syntax is incorrect. : 'D:\Optimization\Cleaning\BCUninstaller\win-x64\?\C:\Windows\System32\SecurityHealth\10.0.27840.1000-0\SecurityHealthAgent.dll'
   at System.IO.FileSystemInfo.EnsureDataInitialized()
   at UninstallTools.UninstallToolsGlobalConfig.IsSystemDirectory(DirectoryInfo dir)
   at UninstallTools.UninstallToolsGlobalConfig.IsSystemDirectory(String installLocation)
08:37:30 - System.IO.IOException: The filename, directory name, or volume label syntax is incorrect. : 'D:\Optimization\Cleaning\BCUninstaller\win-x64\?\C:\Windows\System32\SecurityHealth\10.0.27840.1000-0\SecurityHealthAgent.dll'
   at System.IO.FileSystemInfo.EnsureDataInitialized()
   at UninstallTools.UninstallToolsGlobalConfig.IsSystemDirectory(DirectoryInfo dir)
   at UninstallTools.UninstallToolsGlobalConfig.IsSystemDirectory(String installLocation)
08:37:30 - System.IO.IOException: The filename, directory name, or volume label syntax is incorrect. : 'D:\Optimization\Cleaning\BCUninstaller\win-x64\?\C:\Windows\System32\SecurityHealth\10.0.27840.1000-0\SecurityHealthAgent.dll'
   at System.IO.FileSystemInfo.EnsureDataInitialized()
   at UninstallTools.UninstallToolsGlobalConfig.IsSystemDirectory(DirectoryInfo dir)
   at UninstallTools.UninstallToolsGlobalConfig.IsSystemDirectory(String installLocation)
08:37:30 - System.IO.IOException: The filename, directory name, or volume label syntax is incorrect. : 'D:\Optimization\Cleaning\BCUninstaller\win-x64\?\C:\Windows\System32\SecurityHealth\10.0.27840.1000-0\SecurityHealthAgent.dll'
   at System.IO.FileSystemInfo.EnsureDataInitialized()
   at UninstallTools.UninstallToolsGlobalConfig.IsSystemDirectory(DirectoryInfo dir)
   at UninstallTools.UninstallToolsGlobalConfig.IsSystemDirectory(String installLocation)
08:37:30 - System.IO.IOException: The filename, directory name, or volume label syntax is incorrect. : 'D:\Optimization\Cleaning\BCUninstaller\win-x64\?\C:\Windows\System32\SecurityHealth\10.0.27840.1000-0\SecurityHealthSSO.dll'
   at System.IO.FileSystemInfo.EnsureDataInitialized()
   at UninstallTools.UninstallToolsGlobalConfig.IsSystemDirectory(DirectoryInfo dir)
   at UninstallTools.UninstallToolsGlobalConfig.IsSystemDirectory(String installLocation)
08:37:30 - System.IO.IOException: The filename, directory name, or volume label syntax is incorrect. : 'D:\Optimization\Cleaning\BCUninstaller\win-x64\?\C:\Windows\System32\SecurityHealth\10.0.27840.1000-0\SecurityHealthAgent.dll'
   at System.IO.FileSystemInfo.EnsureDataInitialized()
   at UninstallTools.UninstallToolsGlobalConfig.IsSystemDirectory(DirectoryInfo dir)
   at UninstallTools.UninstallToolsGlobalConfig.IsSystemDirectory(String installLocation)
08:37:32 - Attempt failed, skipping. Error: System.Reflection.TargetInvocationException: Exception has been thrown by the target of an invocation.
 ---> System.Runtime.InteropServices.COMException (0x80270222): Cannot access Homegroup. Homegroup may not be set up or may have encountered an error. (0x80270222)
   at WinRT.ExceptionHelpers.<ThrowExceptionForHR>g__Throw|20_0(Int32 hr)
   at WinRT.ExceptionHelpers.ThrowExceptionForHR(Int32 hr)
   at ABI.Windows.Storage.IKnownFoldersStaticsMethods.get_HomeGroup(IObjectReference _obj)
   at Windows.Storage.KnownFolders.get_HomeGroup()
   --- End of inner exception stack trace ---
   at System.RuntimeMethodHandle.InvokeMethod(Object target, Span`1& arguments, Signature sig, Boolean constructor, Boolean wrapExceptions)
   at System.Reflection.RuntimeMethodInfo.Invoke(Object obj, BindingFlags invokeAttr, Binder binder, Object[] parameters, CultureInfo culture)
   at System.Reflection.PropertyInfo.GetValue(Object obj)
   at UninstallTools.Junk.JunkManager.<>c.<GetProhibitedLocations>b__4_1(PropertyInfo p)
   at Klocman.Extensions.EnumerableExtensions.Attempt[TIn,TOut](IEnumerable`1 baseEnumerable, Func`2 action)+MoveNext()
08:37:41 - [Performance] Running command c:\programdata\chocolatey\bin\choco.exe  took 1313ms
08:37:42 - [Performance] Factory RegistryFactory took 2218ms to finish
08:37:42 - Cache hits: 437/437
08:37:42 - [Performance] Factory DirectoryFactory took 145ms to finish
08:37:43 - [Performance] Running command c:\programdata\chocolatey\bin\choco.exe list -lo -nocolor --detail took 1346ms
08:37:43 - [Performance] Factory ChocolateyFactory took 2665ms to finish
08:37:43 - [Performance] Running command D:\Optimization\Cleaning\BCUninstaller\win-x64\OculusHelper.exe /query took 63ms
08:37:43 - [Performance] Factory OculusFactory took 66ms to finish
08:37:43 - [Performance] Factory PredefinedFactory took 0ms to finish
08:37:43 - [Performance] Factory ScoopFactory took 0ms to finish
08:37:43 - [Performance] Running command D:\Optimization\Cleaning\BCUninstaller\win-x64\ScriptHelper.exe list took 91ms
08:37:43 - [Performance] Factory ScriptFactory took 94ms to finish
08:37:43 - [Performance] Running command D:\Optimization\Cleaning\BCUninstaller\win-x64\SteamHelper.exe steam took 58ms
08:37:43 - [Performance] Running command D:\Optimization\Cleaning\BCUninstaller\win-x64\SteamHelper.exe l /i took 107ms
08:37:43 - [Performance] Factory SteamFactory took 178ms to finish
08:37:43 - [Performance] Running command D:\Optimization\Cleaning\BCUninstaller\win-x64\StoreAppHelper.exe /query took 593ms
08:37:44 - [Performance] Factory StoreAppFactory took 672ms to finish
08:37:44 - Cache hits: 534/534
08:38:32 - System.IO.IOException: The filename, directory name, or volume label syntax is incorrect. : 'D:\Optimization\Cleaning\BCUninstaller\win-x64\?\C:\Windows\System32\SecurityHealth\10.0.27840.1000-0\SecurityHealthAgent.dll'
   at System.IO.FileSystemInfo.EnsureDataInitialized()
   at UninstallTools.UninstallToolsGlobalConfig.IsSystemDirectory(DirectoryInfo dir)
   at UninstallTools.UninstallToolsGlobalConfig.IsSystemDirectory(String installLocation)
08:38:32 - System.IO.IOException: The filename, directory name, or volume label syntax is incorrect. : 'D:\Optimization\Cleaning\BCUninstaller\win-x64\?\C:\Windows\System32\SecurityHealth\10.0.27840.1000-0\SecurityHealthAgent.dll'
   at System.IO.FileSystemInfo.EnsureDataInitialized()
   at UninstallTools.UninstallToolsGlobalConfig.IsSystemDirectory(DirectoryInfo dir)
   at UninstallTools.UninstallToolsGlobalConfig.IsSystemDirectory(String installLocation)
08:38:32 - System.IO.IOException: The filename, directory name, or volume label syntax is incorrect. : 'D:\Optimization\Cleaning\BCUninstaller\win-x64\?\C:\Windows\System32\SecurityHealth\10.0.27840.1000-0\SecurityHealthAgent.dll'
   at System.IO.FileSystemInfo.EnsureDataInitialized()
   at UninstallTools.UninstallToolsGlobalConfig.IsSystemDirectory(DirectoryInfo dir)
   at UninstallTools.UninstallToolsGlobalConfig.IsSystemDirectory(String installLocation)
08:38:32 - System.IO.IOException: The filename, directory name, or volume label syntax is incorrect. : 'D:\Optimization\Cleaning\BCUninstaller\win-x64\?\C:\Windows\System32\SecurityHealth\10.0.27840.1000-0\SecurityHealthAgent.dll'
   at System.IO.FileSystemInfo.EnsureDataInitialized()
   at UninstallTools.UninstallToolsGlobalConfig.IsSystemDirectory(DirectoryInfo dir)
   at UninstallTools.UninstallToolsGlobalConfig.IsSystemDirectory(String installLocation)
08:38:32 - System.IO.IOException: The filename, directory name, or volume label syntax is incorrect. : 'D:\Optimization\Cleaning\BCUninstaller\win-x64\?\C:\Windows\System32\SecurityHealth\10.0.27840.1000-0\SecurityHealthAgent.dll'
   at System.IO.FileSystemInfo.EnsureDataInitialized()
   at UninstallTools.UninstallToolsGlobalConfig.IsSystemDirectory(DirectoryInfo dir)
   at UninstallTools.UninstallToolsGlobalConfig.IsSystemDirectory(String installLocation)
08:38:32 - System.IO.IOException: The filename, directory name, or volume label syntax is incorrect. : 'D:\Optimization\Cleaning\BCUninstaller\win-x64\?\C:\Windows\System32\SecurityHealth\10.0.27840.1000-0\SecurityHealthProxyStub.dll'
   at System.IO.FileSystemInfo.EnsureDataInitialized()
   at UninstallTools.UninstallToolsGlobalConfig.IsSystemDirectory(DirectoryInfo dir)
   at UninstallTools.UninstallToolsGlobalConfig.IsSystemDirectory(String installLocation)
08:38:32 - System.IO.IOException: The filename, directory name, or volume label syntax is incorrect. : 'D:\Optimization\Cleaning\BCUninstaller\win-x64\?\C:\Windows\System32\SecurityHealth\10.0.27840.1000-0\SecurityHealthAgent.dll'
   at System.IO.FileSystemInfo.EnsureDataInitialized()
   at UninstallTools.UninstallToolsGlobalConfig.IsSystemDirectory(DirectoryInfo dir)
   at UninstallTools.UninstallToolsGlobalConfig.IsSystemDirectory(String installLocation)
08:38:32 - System.IO.IOException: The filename, directory name, or volume label syntax is incorrect. : 'D:\Optimization\Cleaning\BCUninstaller\win-x64\?\C:\Windows\System32\SecurityHealth\10.0.27840.1000-0\SecurityHealthAgent.dll'
   at System.IO.FileSystemInfo.EnsureDataInitialized()
   at UninstallTools.UninstallToolsGlobalConfig.IsSystemDirectory(DirectoryInfo dir)
   at UninstallTools.UninstallToolsGlobalConfig.IsSystemDirectory(String installLocation)
08:38:32 - System.IO.IOException: The filename, directory name, or volume label syntax is incorrect. : 'D:\Optimization\Cleaning\BCUninstaller\win-x64\?\C:\Windows\System32\SecurityHealth\10.0.27840.1000-0\SecurityHealthAgent.dll'
   at System.IO.FileSystemInfo.EnsureDataInitialized()
   at UninstallTools.UninstallToolsGlobalConfig.IsSystemDirectory(DirectoryInfo dir)
   at UninstallTools.UninstallToolsGlobalConfig.IsSystemDirectory(String installLocation)
08:38:32 - System.IO.IOException: The filename, directory name, or volume label syntax is incorrect. : 'D:\Optimization\Cleaning\BCUninstaller\win-x64\?\C:\Windows\System32\SecurityHealth\10.0.27840.1000-0\SecurityHealthAgent.dll'
   at System.IO.FileSystemInfo.EnsureDataInitialized()
   at UninstallTools.UninstallToolsGlobalConfig.IsSystemDirectory(DirectoryInfo dir)
   at UninstallTools.UninstallToolsGlobalConfig.IsSystemDirectory(String installLocation)
08:38:32 - System.IO.IOException: The filename, directory name, or volume label syntax is incorrect. : 'D:\Optimization\Cleaning\BCUninstaller\win-x64\?\C:\Windows\System32\SecurityHealth\10.0.27840.1000-0\SecurityHealthAgent.dll'
   at System.IO.FileSystemInfo.EnsureDataInitialized()
   at UninstallTools.UninstallToolsGlobalConfig.IsSystemDirectory(DirectoryInfo dir)
   at UninstallTools.UninstallToolsGlobalConfig.IsSystemDirectory(String installLocation)
08:38:32 - System.IO.IOException: The filename, directory name, or volume label syntax is incorrect. : 'D:\Optimization\Cleaning\BCUninstaller\win-x64\?\C:\Windows\System32\SecurityHealth\10.0.27840.1000-0\SecurityHealthAgent.dll'
   at System.IO.FileSystemInfo.EnsureDataInitialized()
   at UninstallTools.UninstallToolsGlobalConfig.IsSystemDirectory(DirectoryInfo dir)
   at UninstallTools.UninstallToolsGlobalConfig.IsSystemDirectory(String installLocation)
08:38:32 - System.IO.IOException: The filename, directory name, or volume label syntax is incorrect. : 'D:\Optimization\Cleaning\BCUninstaller\win-x64\?\C:\Windows\System32\SecurityHealth\10.0.27840.1000-0\SecurityHealthAgent.dll'
   at System.IO.FileSystemInfo.EnsureDataInitialized()
   at UninstallTools.UninstallToolsGlobalConfig.IsSystemDirectory(DirectoryInfo dir)
   at UninstallTools.UninstallToolsGlobalConfig.IsSystemDirectory(String installLocation)
08:38:32 - System.IO.IOException: The filename, directory name, or volume label syntax is incorrect. : 'D:\Optimization\Cleaning\BCUninstaller\win-x64\?\C:\Windows\System32\SecurityHealth\10.0.27840.1000-0\SecurityHealthAgent.dll'
   at System.IO.FileSystemInfo.EnsureDataInitialized()
   at UninstallTools.UninstallToolsGlobalConfig.IsSystemDirectory(DirectoryInfo dir)
   at UninstallTools.UninstallToolsGlobalConfig.IsSystemDirectory(String installLocation)
08:38:32 - System.IO.IOException: The filename, directory name, or volume label syntax is incorrect. : 'D:\Optimization\Cleaning\BCUninstaller\win-x64\?\C:\Windows\System32\SecurityHealth\10.0.27840.1000-0\SecurityHealthAgent.dll'
   at System.IO.FileSystemInfo.EnsureDataInitialized()
   at UninstallTools.UninstallToolsGlobalConfig.IsSystemDirectory(DirectoryInfo dir)
   at UninstallTools.UninstallToolsGlobalConfig.IsSystemDirectory(String installLocation)
08:38:32 - System.IO.IOException: The filename, directory name, or volume label syntax is incorrect. : 'D:\Optimization\Cleaning\BCUninstaller\win-x64\?\C:\Windows\System32\SecurityHealth\10.0.27840.1000-0\SecurityHealthAgent.dll'
   at System.IO.FileSystemInfo.EnsureDataInitialized()
   at UninstallTools.UninstallToolsGlobalConfig.IsSystemDirectory(DirectoryInfo dir)
   at UninstallTools.UninstallToolsGlobalConfig.IsSystemDirectory(String installLocation)
08:38:32 - System.IO.IOException: The filename, directory name, or volume label syntax is incorrect. : 'D:\Optimization\Cleaning\BCUninstaller\win-x64\?\C:\Windows\System32\SecurityHealth\10.0.27840.1000-0\SecurityHealthAgent.dll'
   at System.IO.FileSystemInfo.EnsureDataInitialized()
   at UninstallTools.UninstallToolsGlobalConfig.IsSystemDirectory(DirectoryInfo dir)
   at UninstallTools.UninstallToolsGlobalConfig.IsSystemDirectory(String installLocation)
08:38:32 - System.IO.IOException: The filename, directory name, or volume label syntax is incorrect. : 'D:\Optimization\Cleaning\BCUninstaller\win-x64\?\C:\Windows\System32\SecurityHealth\10.0.27840.1000-0\SecurityHealthAgent.dll'
   at System.IO.FileSystemInfo.EnsureDataInitialized()
   at UninstallTools.UninstallToolsGlobalConfig.IsSystemDirectory(DirectoryInfo dir)
   at UninstallTools.UninstallToolsGlobalConfig.IsSystemDirectory(String installLocation)
08:38:32 - System.IO.IOException: The filename, directory name, or volume label syntax is incorrect. : 'D:\Optimization\Cleaning\BCUninstaller\win-x64\?\C:\Windows\System32\SecurityHealth\10.0.27840.1000-0\SecurityHealthSSO.dll'
   at System.IO.FileSystemInfo.EnsureDataInitialized()
   at UninstallTools.UninstallToolsGlobalConfig.IsSystemDirectory(DirectoryInfo dir)
   at UninstallTools.UninstallToolsGlobalConfig.IsSystemDirectory(String installLocation)
08:38:32 - System.IO.IOException: The filename, directory name, or volume label syntax is incorrect. : 'D:\Optimization\Cleaning\BCUninstaller\win-x64\?\C:\Windows\System32\SecurityHealth\10.0.27840.1000-0\SecurityHealthAgent.dll'
   at System.IO.FileSystemInfo.EnsureDataInitialized()
   at UninstallTools.UninstallToolsGlobalConfig.IsSystemDirectory(DirectoryInfo dir)
   at UninstallTools.UninstallToolsGlobalConfig.IsSystemDirectory(String installLocation)
08:38:34 - Attempt failed, skipping. Error: System.Reflection.TargetInvocationException: Exception has been thrown by the target of an invocation.
 ---> System.Runtime.InteropServices.COMException (0x80270222): Cannot access Homegroup. Homegroup may not be set up or may have encountered an error. (0x80270222)
   at WinRT.ExceptionHelpers.<ThrowExceptionForHR>g__Throw|20_0(Int32 hr)
   at WinRT.ExceptionHelpers.ThrowExceptionForHR(Int32 hr)
   at ABI.Windows.Storage.IKnownFoldersStaticsMethods.get_HomeGroup(IObjectReference _obj)
   at Windows.Storage.KnownFolders.get_HomeGroup()
   --- End of inner exception stack trace ---
   at System.RuntimeMethodHandle.InvokeMethod(Object target, Span`1& arguments, Signature sig, Boolean constructor, Boolean wrapExceptions)
   at System.Reflection.RuntimeMethodInfo.Invoke(Object obj, BindingFlags invokeAttr, Binder binder, Object[] parameters, CultureInfo culture)
   at System.Reflection.PropertyInfo.GetValue(Object obj)
   at UninstallTools.Junk.JunkManager.<>c.<GetProhibitedLocations>b__4_1(PropertyInfo p)
   at Klocman.Extensions.EnumerableExtensions.Attempt[TIn,TOut](IEnumerable`1 baseEnumerable, Func`2 action)+MoveNext()
08:38:38 - [Performance] Running command c:\programdata\chocolatey\bin\choco.exe  took 1339ms
08:38:39 - [Performance] Factory RegistryFactory took 2243ms to finish
08:38:39 - Cache hits: 437/437
08:38:39 - [Performance] Factory DirectoryFactory took 141ms to finish
08:38:39 - [Performance] Running command c:\programdata\chocolatey\bin\choco.exe list -lo -nocolor --detail took 1365ms
08:38:39 - [Performance] Factory ChocolateyFactory took 2709ms to finish
08:38:39 - [Performance] Running command D:\Optimization\Cleaning\BCUninstaller\win-x64\OculusHelper.exe /query took 61ms
08:38:39 - [Performance] Factory OculusFactory took 64ms to finish
08:38:39 - [Performance] Factory PredefinedFactory took 0ms to finish
08:38:39 - [Performance] Factory ScoopFactory took 0ms to finish
08:38:40 - [Performance] Running command D:\Optimization\Cleaning\BCUninstaller\win-x64\ScriptHelper.exe list took 91ms
08:38:40 - [Performance] Factory ScriptFactory took 94ms to finish
08:38:40 - [Performance] Running command D:\Optimization\Cleaning\BCUninstaller\win-x64\SteamHelper.exe steam took 60ms
08:38:40 - [Performance] Running command D:\Optimization\Cleaning\BCUninstaller\win-x64\SteamHelper.exe l /i took 107ms
08:38:40 - [Performance] Factory SteamFactory took 176ms to finish
08:38:40 - [Performance] Running command D:\Optimization\Cleaning\BCUninstaller\win-x64\StoreAppHelper.exe /query took 595ms
08:38:40 - [Performance] Factory StoreAppFactory took 670ms to finish
08:38:41 - Cache hits: 533/533
